<a href="/wiki/The_Practice_of_Programming" title="The Practice of Programming">
 The Practice of Programming
</a>
