<div class="after-portlet after-portlet-lang">
 <span class="wb-langlinks-edit wb-langlinks-link">
  <a action="edit" href="//www.wikidata.org/wiki/Q37227#sitelinks-wikipedia" text="Edit links" title="Edit interlanguage links" class="wbc-editpage">
   Edit links
  </a>
 </span>
</div>
