<td class="organiser">
 <a href="/wiki/Google" title="Google">
  Google Inc.
 </a>
</td>
