<td colspan="2">
</td>
<td colspan="2">
</td>
<td colspan="2">
</td>
<td colspan="2">
</td>
<td colspan="2">
</td>
<td colspan="2">
</td>
<td colspan="2">
</td>
<td colspan="2">
</td>
<td colspan="2">
</td>
<td colspan="2">
</td>
<td colspan="2">
</td>
<td colspan="2">
</td>
<td colspan="2">
</td>
<td colspan="2">
</td>
<td colspan="2">
</td>
<td colspan="2">
</td>
<td colspan="2">
</td>
<td colspan="2">
</td>
<td colspan="2">
</td>
<td colspan="2">
</td>
<td colspan="2">
</td>
<td colspan="2">
</td>
