<li>
 <a href="/wiki/History_of_Google" title="History of Google">
  History
 </a>
</li>
<li>
 <a href="/wiki/List_of_mergers_and_acquisitions_by_Google" title="List of mergers and acquisitions by Google">
  List of mergers and acquisitions
 </a>
</li>
<li>
 <a href="/wiki/List_of_Google_products" title="List of Google products">
  Products
 </a>
</li>
<li>
 <a href="/wiki/Criticism_of_Google" title="Criticism of Google">
  Criticism
 </a>
</li>
<li>
 <a href="/wiki/Censorship_by_Google" title="Censorship by Google">
  Censorship
 </a>
</li>
<li>
 <a href="/wiki/List_of_Google_domains" title="List of Google domains">
  Domains
 </a>
</li>
<li>
 <a href="/wiki/List_of_Google_hoaxes_and_easter_eggs" title="List of Google hoaxes and easter eggs">
  Hoaxes
 </a>
</li>
<li>
 <a href="/wiki/DoubleClick_for_Publishers_by_Google" title="DoubleClick for Publishers by Google">
  Ad Manager
 </a>
</li>
<li>
 <a href="/wiki/AdMob" title="AdMob">
  AdMob
 </a>
</li>
<li>
 <a href="/wiki/Adscape" title="Adscape">
  Adscape
 </a>
</li>
<li>
 <a href="/wiki/AdSense" title="AdSense">
  AdSense
 </a>
</li>
<li>
 <a href="/wiki/Google_Certification_Program" title="Google Certification Program">
  Advertising Professionals
 </a>
</li>
<li>
 <a href="/wiki/AdWords" title="AdWords">
  AdWords
 </a>
</li>
<li>
 <a href="/wiki/Google_Analytics" title="Google Analytics">
  Analytics
 </a>
</li>
<li>
 <a href="/wiki/DoubleClick" title="DoubleClick">
  DoubleClick
 </a>
</li>
<li>
 <a href="/wiki/Google_Offers" title="Google Offers">
  Offers
 </a>
</li>
<li>
 <a href="/wiki/Google_Wallet" title="Google Wallet">
  Wallet
 </a>
</li>
<li>
 <a href="/wiki/Google_Alerts" title="Google Alerts">
  Alerts
 </a>
</li>
<li>
 <a href="/wiki/Google_Apps_Script" title="Google Apps Script">
  Apps Script
 </a>
</li>
<li>
 <a href="/wiki/Google_Calendar" title="Google Calendar">
  Calendar
 </a>
</li>
<li>
 <a href="/wiki/Google_Contacts" title="Google Contacts">
  Contacts
 </a>
</li>
<li>
 <a href="/wiki/Google_Friend_Connect" title="Google Friend Connect">
  Friend Connect
 </a>
</li>
<li>
 <a href="/wiki/Gmail" title="Gmail">
  Gmail
 </a>
 <ul>
  <li>
   <a href="/wiki/History_of_Gmail" title="History of Gmail">
    history
   </a>
  </li>
  <li>
   <a href="/wiki/Gmail_interface" title="Gmail interface">
    interface
   </a>
  </li>
 </ul>
</li>
<li>
 <a href="/wiki/Google%2B" title="Google+">
  Google+
 </a>
</li>
<li>
 <a href="/wiki/Google_Groups" title="Google Groups">
  Groups
 </a>
</li>
<li>
 <a href="/wiki/Google_Hangouts" title="Google Hangouts">
  Hangouts
 </a>
</li>
<li>
 <a href="/wiki/Google_Inbox" title="Google Inbox">
  Inbox
 </a>
</li>
<li>
 <a href="/wiki/Google_Sync" title="Google Sync">
  Sync
 </a>
</li>
<li>
 <a href="/wiki/Google_Talk" title="Google Talk">
  Talk
 </a>
</li>
<li>
 <a href="/wiki/Google_Text-to-Speech" title="Google Text-to-Speech">
  Text-to-Speech
 </a>
</li>
<li>
 <a href="/wiki/Google_Translate" title="Google Translate">
  Translate
 </a>
</li>
<li>
 <a href="/wiki/Google_transliteration" title="Google transliteration">
  Transliteration
 </a>
</li>
<li>
 <a href="/wiki/Google_Voice" title="Google Voice">
  Voice
 </a>
</li>
<li>
 <a href="/wiki/Google_Chrome" title="Google Chrome">
  Chrome
 </a>
 <ul>
  <li>
   <a href="/wiki/Google_Chrome_for_Android" title="Google Chrome for Android">
    for Android
   </a>
  </li>
  <li>
   <a href="/wiki/Google_Chrome_for_iOS" title="Google Chrome for iOS" class="mw-redirect">
    for iOS
   </a>
  </li>
  <li>
   <a href="/wiki/Chrome_Web_Store" title="Chrome Web Store">
    Chrome Web Store
   </a>
  </li>
  <li>
   <a href="/wiki/Google_Chrome_Apps" title="Google Chrome Apps">
    Apps
   </a>
  </li>
  <li>
   <a href="/wiki/Google_Chrome_Extensions" title="Google Chrome Extensions">
    Extensions
   </a>
  </li>
 </ul>
</li>
<li>
 <a href="/wiki/Chrome_OS" title="Chrome OS">
  Chrome OS
 </a>
 <ul>
  <li>
   <a href="/wiki/Chromebook" title="Chromebook">
    Chromebook
   </a>
  </li>
  <li>
   <a href="/wiki/Chromebox" title="Chromebox">
    Chromebox
   </a>
  </li>
  <li>
   <a href="/wiki/Chrome_Zone" title="Chrome Zone">
    Chrome Zone
   </a>
  </li>
 </ul>
</li>
<li>
 <a href="/wiki/Google_Cloud_Print" title="Google Cloud Print">
  Cloud Print
 </a>
</li>
<li>
 <a href="/wiki/Google_Earth" title="Google Earth">
  Earth
 </a>
 <ul>
  <li>
   <a href="/wiki/Google_Sky" title="Google Sky">
    Sky
   </a>
  </li>
  <li>
   <a href="/wiki/Google_Moon" title="Google Moon">
    Moon
   </a>
  </li>
  <li>
   <a href="/wiki/Google_Mars" title="Google Mars">
    Mars
   </a>
  </li>
 </ul>
</li>
<li>
 <a href="/wiki/Google_Gadgets" title="Google Gadgets">
  Gadgets
 </a>
</li>
<li>
 <a href="/wiki/Google_Goggles" title="Google Goggles">
  Goggles
 </a>
</li>
<li>
 <a href="/wiki/Google_IME" title="Google IME">
  IME
 </a>
 <ul>
  <li>
   <a href="/wiki/Google_Pinyin" title="Google Pinyin">
    Pinyin
   </a>
  </li>
  <li>
   <a href="/wiki/Google_Japanese_Input" title="Google Japanese Input">
    Japanese
   </a>
  </li>
 </ul>
</li>
<li>
 <a href="/wiki/Google_Keep" title="Google Keep">
  Keep
 </a>
</li>
<li>
 <a href="/wiki/Google_News_%26_Weather" title="Google News &amp; Weather">
  News &amp; Weather
 </a>
</li>
<li>
 <a href="/wiki/Google_Now" title="Google Now">
  Now
 </a>
</li>
<li>
 <a href="/wiki/Picasa" title="Picasa">
  Picasa
 </a>
</li>
<li>
 <a href="/wiki/Google_Play_Games" title="Google Play Games" class="mw-redirect">
  Play Games
 </a>
</li>
<li>
 <a href="/wiki/Google_Play_Newsstand" title="Google Play Newsstand" class="mw-redirect">
  Play Newsstand
 </a>
</li>
<li>
 <a href="/wiki/OpenRefine" title="OpenRefine">
  OpenRefine
 </a>
</li>
<li>
 <a href="/wiki/Google_Toolbar" title="Google Toolbar">
  Toolbar
 </a>
</li>
<li>
 <a href="/wiki/Google_Account" title="Google Account">
  Account
 </a>
</li>
<li>
 <a href="/wiki/Android_(operating_system)" title="Android (operating system)">
  Android
 </a>
 <ul>
  <li>
   <a href="/wiki/Android_version_history" title="Android version history">
    Version history
   </a>
  </li>
  <li>
   <a href="/wiki/Android_software_development" title="Android software development">
    Software development
   </a>
  </li>
 </ul>
</li>
<li>
 <a href="/wiki/Google_App_Engine" title="Google App Engine">
  App Engine
 </a>
</li>
<li>
 <a href="/wiki/Google_Apps" title="Google Apps" class="mw-redirect">
  Apps
 </a>
 <ul>
  <li>
   <a href="/wiki/Google_Classroom" title="Google Classroom">
    Classroom
   </a>
  </li>
 </ul>
</li>
<li>
 <a href="/wiki/Google_Authenticator" title="Google Authenticator">
  Authenticator
 </a>
</li>
<li>
 <a href="/wiki/BigTable" title="BigTable">
  BigTable
 </a>
</li>
<li>
 <a href="/wiki/Zygote_Body" title="Zygote Body">
  Body
 </a>
</li>
<li>
 <a href="/wiki/Google_Books" title="Google Books">
  Books
 </a>
</li>
<li>
 <a href="/wiki/Caja_project" title="Caja project">
  Caja
 </a>
</li>
<li>
 <a href="/wiki/Google_Cardboard" title="Google Cardboard">
  Cardboard
 </a>
</li>
<li>
 <a href="/wiki/Chromecast" title="Chromecast">
  Chromecast
 </a>
</li>
<li>
 <a href="/wiki/Google_Compute_Engine" title="Google Compute Engine">
  Compute Engine
 </a>
</li>
<li>
 <a href="/wiki/Google_Contact_Lens" title="Google Contact Lens">
  Contact Lens
 </a>
</li>
<li>
 <a href="/wiki/Google_Custom_Search" title="Google Custom Search">
  Custom Search
 </a>
</li>
<li>
 <a href="/wiki/Dart_(programming_language)" title="Dart (programming language)">
  Dart
 </a>
</li>
<li>
 <a href="/wiki/Google_Earth_Engine" title="Google Earth Engine">
  Earth Engine
 </a>
</li>
<li>
 <a href="/wiki/Google_Fit" title="Google Fit">
  Fit
 </a>
</li>
<li>
 <a href="/wiki/Google_Glass" title="Google Glass">
  Glass
 </a>
</li>
<li>
 <strong class="selflink">
  Go
 </strong>
</li>
<li>
 <a href="/wiki/Google_File_System" title="Google File System">
  GFS
 </a>
</li>
<li>
 <a href="/wiki/Google_Apps_Marketplace" title="Google Apps Marketplace">
  Marketplace
 </a>
</li>
<li>
 <a href="/wiki/Google_Native_Client" title="Google Native Client">
  Native Client
 </a>
</li>
<li>
 <a href="/wiki/Google_Nexus" title="Google Nexus">
  Nexus
 </a>
</li>
<li>
 <a href="/wiki/OpenSocial" title="OpenSocial">
  OpenSocial
 </a>
</li>
<li>
 <a href="/wiki/Google_Play" title="Google Play">
  Play
 </a>
</li>
<li>
 <a href="/wiki/Google_Public_DNS" title="Google Public DNS">
  Public DNS
 </a>
</li>
<li>
 <a href="/wiki/Google_Questions_and_Answers" title="Google Questions and Answers">
  Q &amp; A
 </a>
</li>
<li>
 <a href="/wiki/Google_TV" title="Google TV">
  Google TV
 </a>
</li>
<li>
 <a href="/wiki/Google_Wallet" title="Google Wallet">
  Wallet
 </a>
</li>
<li>
 <a href="/wiki/Google_APIs" title="Google APIs">
  AJAX APIs
 </a>
</li>
<li>
 <a href="/wiki/App_Inventor_for_Android" title="App Inventor for Android">
  App Inventor
 </a>
</li>
<li>
 <a href="/wiki/AtGoogleTalks" title="AtGoogleTalks">
  AtGoogleTalks
 </a>
</li>
<li>
 <a href="/wiki/Google_Closure_Tools" title="Google Closure Tools">
  Closure Tools
 </a>
</li>
<li>
 <a href="/wiki/Google_Developers" title="Google Developers">
  Developers
 </a>
</li>
<li>
 <a href="/wiki/Google_Gadgets_API" title="Google Gadgets API">
  Gadgets API
 </a>
</li>
<li>
 <a href="/wiki/GData" title="GData">
  GData
 </a>
</li>
<li>
 <a href="/wiki/Googlebot" title="Googlebot">
  Googlebot
 </a>
</li>
<li>
 <a href="/wiki/Google_Guava" title="Google Guava">
  Guava
 </a>
</li>
<li>
 <a href="/wiki/Google_Guice" title="Google Guice">
  Guice
 </a>
</li>
<li>
 <a href="/wiki/Google_platform#Software" title="Google platform">
  GWS
 </a>
</li>
<li>
 <a href="/wiki/Keyhole_Markup_Language" title="Keyhole Markup Language">
  KML
 </a>
</li>
<li>
 <a href="/wiki/MapReduce" title="MapReduce">
  MapReduce
 </a>
</li>
<li>
 <a href="/wiki/Sitemaps" title="Sitemaps">
  Sitemaps
 </a>
</li>
<li>
 <a href="/wiki/Google_Summer_of_Code" title="Google Summer of Code">
  Summer of Code
 </a>
</li>
<li>
 <a href="/wiki/Google_Web_Toolkit" title="Google Web Toolkit">
  Web Toolkit
 </a>
</li>
<li>
 <a href="/wiki/Google_Webmaster_Tools" title="Google Webmaster Tools">
  Webmaster Tools
 </a>
</li>
<li>
 <a href="/wiki/Google_Website_Optimizer" title="Google Website Optimizer">
  Website Optimizer
 </a>
</li>
<li>
 <a href="/wiki/Google_Swiffy" title="Google Swiffy">
  Swiffy
 </a>
</li>
<li>
 <a href="/wiki/Blogger_(service)" title="Blogger (service)">
  Blogger
 </a>
</li>
<li>
 <a href="/wiki/Google_Bookmarks" title="Google Bookmarks">
  Bookmarks
 </a>
</li>
<li>
 <a href="/wiki/Google_Docs" title="Google Docs">
  Docs
 </a>
</li>
<li>
 <a href="/wiki/Google_Drive" title="Google Drive">
  Drive
 </a>
</li>
<li>
 <a href="/wiki/FeedBurner" title="FeedBurner">
  FeedBurner
 </a>
</li>
<li>
 <a href="/wiki/Google_Map_Maker" title="Google Map Maker">
  Map Maker
 </a>
</li>
<li>
 <a href="/wiki/Panoramio" title="Panoramio">
  Panoramio
 </a>
</li>
<li>
 <a href="/wiki/Picasa#Picasa_Web_Albums" title="Picasa">
  Picasa Web Albums
 </a>
</li>
<li>
 <a href="/wiki/Google_Sites" title="Google Sites">
  Sites (JotSpot)
 </a>
</li>
<li>
 <a href="/wiki/YouTube" title="YouTube">
  YouTube
 </a>
 (
 <a href="/wiki/Vevo" title="Vevo">
  Vevo
 </a>
 )
</li>
<li>
 <a href="/wiki/Zagat" title="Zagat">
  Zagat
 </a>
</li>
<li>
 <a href="/wiki/Google_Search_Appliance" title="Google Search Appliance">
  Appliance
 </a>
</li>
<li>
 <a href="/wiki/Google_Audio_Indexing" title="Google Audio Indexing">
  Audio
 </a>
</li>
<li>
 <a href="/wiki/Google_Blog_Search" title="Google Blog Search">
  Blog Search
 </a>
</li>
<li>
 <a href="/wiki/Google_Books" title="Google Books">
  Books
 </a>
 <ul>
  <li>
   <a href="/wiki/Google_Books_Library_Project" title="Google Books Library Project">
    Library Project
   </a>
  </li>
  <li>
   <a href="/wiki/Google_eBooks" title="Google eBooks">
    eBooks
   </a>
  </li>
 </ul>
</li>
<li>
 <a href="/wiki/Google_Finance" title="Google Finance">
  Finance
 </a>
</li>
<li>
 <a href="/wiki/Google_Images" title="Google Images">
  Images
 </a>
</li>
<li>
 <a href="/wiki/Google_Maps" title="Google Maps">
  Maps
 </a>
 <ul>
  <li>
   <a href="/wiki/Google_Street_View" title="Google Street View">
    Street View
   </a>
   <ul>
    <li>
     <a href="/wiki/Timeline_of_Google_Street_View" title="Timeline of Google Street View">
      Timeline
     </a>
    </li>
    <li>
     <a href="/wiki/Google_Street_View_privacy_concerns" title="Google Street View privacy concerns">
      Privacy concerns
     </a>
    </li>
    <li>
     <a href="/wiki/Competition_of_Google_Street_View" title="Competition of Google Street View" class="mw-redirect">
      Competition
     </a>
    </li>
    <li>
     <a href="/wiki/Locations_of_Google_Street_View" title="Locations of Google Street View" class="mw-redirect">
      Locations
     </a>
    </li>
   </ul>
  </li>
 </ul>
</li>
<li>
 <a href="/wiki/Google_News" title="Google News">
  News
 </a>
 <ul>
  <li>
   <a href="/wiki/Google_News_Archive" title="Google News Archive">
    Archive
   </a>
  </li>
 </ul>
</li>
<li>
 <a href="/wiki/Google_Patents" title="Google Patents">
  Patents
 </a>
</li>
<li>
 <a href="/wiki/Google_Scholar" title="Google Scholar">
  Scholar
 </a>
</li>
<li>
 <a href="/wiki/Google_Shopping" title="Google Shopping">
  Shopping
 </a>
</li>
<li>
 <a href="/wiki/Google_Groups" title="Google Groups">
  Usenet
 </a>
</li>
<li>
 <a href="/wiki/Google_Voice_Search" title="Google Voice Search">
  Voice Search
 </a>
</li>
<li>
 <a href="/wiki/Google_Search" title="Google Search">
  Web Search
 </a>
 <ul>
  <li>
   <a href="/wiki/Google_Web_History" title="Google Web History">
    History
   </a>
  </li>
  <li>
   <a href="/wiki/Google_Personalized_Search" title="Google Personalized Search">
    Personalized
   </a>
  </li>
  <li>
   <a href="/wiki/Google_Real-Time_Search" title="Google Real-Time Search">
    Real-Time
   </a>
  </li>
  <li>
   <a href="/wiki/Google_Search#Instant_Search" title="Google Search">
    Instant Search
   </a>
  </li>
  <li>
   <a href="/wiki/SafeSearch" title="SafeSearch">
    SafeSearch
   </a>
  </li>
 </ul>
</li>
<li>
 <a href="/wiki/PageRank" title="PageRank">
  PageRank
 </a>
</li>
<li>
 <a href="/wiki/Google_Panda" title="Google Panda">
  Panda
 </a>
</li>
<li>
 <a href="/wiki/Google_Penguin" title="Google Penguin">
  Penguin
 </a>
</li>
<li>
 <a href="/wiki/Google_Hummingbird" title="Google Hummingbird">
  Hummingbird
 </a>
</li>
<li>
 <a href="/wiki/Google_Insights_for_Search" title="Google Insights for Search">
  Insights for Search
 </a>
</li>
<li>
 <a href="/wiki/Google_Trends" title="Google Trends">
  Trends
 </a>
</li>
<li>
 <a href="/wiki/Knowledge_Graph" title="Knowledge Graph">
  Knowledge Graph
 </a>
</li>
<li>
 <a href="/wiki/Aardvark_(search_engine)" title="Aardvark (search engine)">
  Aardvark
 </a>
</li>
<li>
 <a href="/wiki/Google_Answers" title="Google Answers">
  Answers
 </a>
</li>
<li>
 <a href="/wiki/Google_Browser_Sync" title="Google Browser Sync">
  Browser Sync
 </a>
</li>
<li>
 <a href="/wiki/Google_Base" title="Google Base">
  Base
 </a>
</li>
<li>
 <a href="/wiki/Google_Buzz" title="Google Buzz">
  Buzz
 </a>
</li>
<li>
 <a href="/wiki/Google_Checkout" title="Google Checkout">
  Checkout
 </a>
</li>
<li>
 <a href="/wiki/Google_Chrome_Frame" title="Google Chrome Frame">
  Chrome Frame
 </a>
</li>
<li>
 <a href="/wiki/AdWords#Google_Click-to-Call" title="AdWords">
  Click-to-Call
 </a>
</li>
<li>
 <a href="/wiki/Google_Cloud_Connect" title="Google Cloud Connect">
  Cloud Connect
 </a>
</li>
<li>
 <a href="/wiki/Google_Code_Search" title="Google Code Search">
  Code Search
 </a>
</li>
<li>
 <a href="/wiki/Google_Currents" title="Google Currents">
  Currents
 </a>
</li>
<li>
 <a href="/wiki/Google_Desktop" title="Google Desktop">
  Desktop
 </a>
</li>
<li>
 <a href="/wiki/Google_Dictionary" title="Google Dictionary">
  Dictionary
 </a>
</li>
<li>
 <a href="/wiki/Dodgeball_(service)" title="Dodgeball (service)">
  Dodgeball
 </a>
</li>
<li>
 <a href="/wiki/Google_Fast_Flip" title="Google Fast Flip">
  Fast Flip
 </a>
</li>
<li>
 <a href="/wiki/Gears_(software)" title="Gears (software)">
  Gears
 </a>
</li>
<li>
 <a href="/wiki/GOOG-411" title="GOOG-411">
  GOOG-411
 </a>
</li>
<li>
 <a href="/wiki/Jaiku" title="Jaiku">
  Jaiku
 </a>
</li>
<li>
 <a href="/wiki/Knol" title="Knol">
  Knol
 </a>
</li>
<li>
 <a href="/wiki/Google_Health" title="Google Health">
  Health
 </a>
</li>
<li>
 <a href="/wiki/IGoogle" title="IGoogle">
  iGoogle
 </a>
</li>
<li>
 <a href="/wiki/Google_Image_Labeler" title="Google Image Labeler">
  Image Labeler
 </a>
</li>
<li>
 <a href="/wiki/Google_Labs" title="Google Labs">
  Labs
 </a>
</li>
<li>
 <a href="/wiki/Google_Latitude" title="Google Latitude">
  Latitude
 </a>
</li>
<li>
 <a href="/wiki/Google_Lively" title="Google Lively">
  Lively
 </a>
</li>
<li>
 <a href="/wiki/Google_Mashup_Editor" title="Google Mashup Editor">
  Mashup Editor
 </a>
</li>
<li>
 <a href="/wiki/Google_Notebook" title="Google Notebook">
  Notebook
 </a>
</li>
<li>
 <a href="/wiki/Google_Pack" title="Google Pack">
  Pack
 </a>
</li>
<li>
 <a href="/wiki/Google_Page_Creator" title="Google Page Creator">
  Page Creator
 </a>
</li>
<li>
 <a href="/wiki/Picnik" title="Picnik">
  Picnik
 </a>
</li>
<li>
 <a href="/wiki/Google_PowerMeter" title="Google PowerMeter">
  PowerMeter
 </a>
</li>
<li>
 <a href="/wiki/Google_Reader" title="Google Reader">
  Reader
 </a>
</li>
<li>
 <a href="/wiki/Google_Script_Converter" title="Google Script Converter">
  Script Converter
 </a>
</li>
<li>
 <a href="/wiki/Google_SearchWiki" title="Google SearchWiki">
  SearchWiki
 </a>
</li>
<li>
 <a href="/wiki/Google_Sidewiki" title="Google Sidewiki">
  Sidewiki
 </a>
</li>
<li>
 <a href="/wiki/Slide.com" title="Slide.com">
  Slide
 </a>
</li>
<li>
 <a href="/wiki/Google_Squared" title="Google Squared">
  Squared
 </a>
</li>
<li>
 <a href="/wiki/Google_Pack#Google_Updater" title="Google Pack">
  Updater
 </a>
</li>
<li>
 <a href="/wiki/Urchin_(software)" title="Urchin (software)">
  Urchin
 </a>
</li>
<li>
 <a href="/wiki/Google_Videos" title="Google Videos">
  Videos
 </a>
</li>
<li>
 <a href="/wiki/Google_Video_Marketplace" title="Google Video Marketplace">
  Video Marketplace
 </a>
</li>
<li>
 <a href="/wiki/Apache_Wave" title="Apache Wave">
  Wave
 </a>
</li>
<li>
 <a href="/wiki/Google_Web_Accelerator" title="Google Web Accelerator">
  Web Accelerator
 </a>
</li>
<li>
 <a href="/wiki/Orkut" title="Orkut">
  Orkut
 </a>
</li>
<li>
 <a href="/wiki/111_Eighth_Avenue" title="111 Eighth Avenue">
  111 Eighth Avenue
 </a>
</li>
<li>
 <a href="/wiki/AI_Challenge" title="AI Challenge">
  AI Challenge
 </a>
</li>
<li>
 <a href="/wiki/Google_Art_Project" title="Google Art Project">
  Art Project
 </a>
</li>
<li>
 <a href="/wiki/Google_bomb" title="Google bomb">
  Bomb
 </a>
</li>
<li>
 <a href="/wiki/Calico_(company)" title="Calico (company)">
  Calico (company)
 </a>
</li>
<li>
 <a href="/wiki/Google_Current" title="Google Current">
  Current
 </a>
</li>
<li>
 <a href="/wiki/Google_Chrome_Experiments" title="Google Chrome Experiments">
  Chrome Experiments
 </a>
</li>
<li>
 <a href="/wiki/Google_Code_Jam" title="Google Code Jam">
  Code Jam
 </a>
</li>
<li>
 <a href="/wiki/Google_Developer_Day" title="Google Developer Day">
  Developer Day
 </a>
</li>
<li>
 <a href="/wiki/Google_Business_Groups" title="Google Business Groups">
  Google Business Groups
 </a>
</li>
<li>
 <a href="/wiki/Google_Data_Liberation_Front" title="Google Data Liberation Front">
  Data Liberation
 </a>
 <ul>
  <li>
   <a href="/wiki/Google_Takeout" title="Google Takeout">
    Takeout
   </a>
  </li>
 </ul>
</li>
<li>
 <a href="/wiki/Google_Developer_Expert" title="Google Developer Expert">
  Google Developer Expert
 </a>
</li>
<li>
 <a href="/wiki/Google_Enterprise" title="Google Enterprise">
  Google Enterprise
 </a>
</li>
<li>
 <a href="/wiki/Google_driverless_car" title="Google driverless car">
  Driverless car
 </a>
</li>
<li>
 <a href="/wiki/Google_Fiber" title="Google Fiber">
  Fiber
 </a>
</li>
<li>
 <a href="/wiki/Google.org#Google_Foundation" title="Google.org">
  Foundation
 </a>
</li>
<li>
 <a href="/wiki/Google_China" title="Google China">
  Google China
 </a>
</li>
<li>
 <a href="/wiki/Google_Shopping_Express" title="Google Shopping Express">
  Google Shopping Express
 </a>
</li>
<li>
 <a href="/wiki/Googlization" title="Googlization">
  Googlization
 </a>
</li>
<li>
 <a href="/wiki/Google_Grants" title="Google Grants">
  Grants
 </a>
</li>
<li>
 <a href="/wiki/Google.org" title="Google.org">
  Google.org
 </a>
</li>
<li>
 <a href="/wiki/Googleplex" title="Googleplex">
  Googleplex
 </a>
</li>
<li>
 <a href="/wiki/Goojje" title="Goojje">
  Goojje
 </a>
</li>
<li>
 <a href="/wiki/Google_Search#.22I.27m_Feeling_Lucky.22" title="Google Search">
  I&#39;m Feeling Lucky
 </a>
</li>
<li>
 <a href="/wiki/Google_I/O" title="Google I/O">
  I/O
 </a>
</li>
<li>
 <a href="/wiki/Google_logo" title="Google logo">
  Logo
 </a>
</li>
<li>
 <a href="/wiki/Google_Doodle" title="Google Doodle">
  Google Doodles
 </a>
 <ul>
  <li>
   <a href="/wiki/List_of_Google_Doodles_(1998%E2%80%932009)" title="List of Google Doodles (1998–2009)">
    1998–2009
   </a>
  </li>
  <li>
   <a href="/wiki/List_of_Google_Doodles_in_2010" title="List of Google Doodles in 2010">
    2010
   </a>
  </li>
  <li>
   <a href="/wiki/List_of_Google_Doodles_in_2011" title="List of Google Doodles in 2011">
    2011
   </a>
  </li>
  <li>
   <a href="/wiki/List_of_Google_Doodles_in_2012" title="List of Google Doodles in 2012">
    2012
   </a>
  </li>
  <li>
   <a href="/wiki/List_of_Google_Doodles_in_2013" title="List of Google Doodles in 2013">
    2013
   </a>
  </li>
  <li>
   <a href="/wiki/List_of_Google_Doodles_in_2014" title="List of Google Doodles in 2014">
    2014
   </a>
  </li>
 </ul>
</li>
<li>
 <a href="/wiki/Google_Lunar_X_Prize" title="Google Lunar X Prize">
  Lunar X Prize
 </a>
</li>
<li>
 <a href="/wiki/Material_Design" title="Material Design" class="mw-redirect">
  Material Design
 </a>
</li>
<li>
 <a href="/wiki/Monopoly_City_Streets" title="Monopoly City Streets">
  Monopoly City Streets
 </a>
</li>
<li>
 <a href="/wiki/Motorola_Mobility" title="Motorola Mobility">
  Motorola Mobility
 </a>
</li>
<li>
 <a href="/wiki/Google_Science_Fair" title="Google Science Fair">
  Science Fair
 </a>
</li>
<li>
 <a href="/wiki/Google_Searchology" title="Google Searchology">
  Searchology
 </a>
</li>
<li>
 <a href="/wiki/Unity_(cable_system)" title="Unity (cable system)">
  Unity
 </a>
</li>
<li>
 <a href="/wiki/Google_Ventures" title="Google Ventures">
  Ventures
 </a>
</li>
<li>
 <a href="/wiki/Google_WiFi" title="Google WiFi">
  WiFi
 </a>
</li>
<li>
 <a href="/wiki/Google_X" title="Google X">
  X
 </a>
</li>
<li>
 <a href="/wiki/Project_Ara" title="Project Ara">
  Ara
 </a>
</li>
<li>
 <a href="/wiki/Project_Loon" title="Project Loon">
  Loon
 </a>
</li>
<li>
 <a href="/wiki/Project_Tango" title="Project Tango">
  Tango
 </a>
</li>
<li>
 <a href="/wiki/Larry_Page" title="Larry Page">
  Larry Page
 </a>
</li>
<li>
 <a href="/wiki/Eric_Schmidt" title="Eric Schmidt">
  Eric Schmidt
 </a>
</li>
<li>
 <a href="/wiki/Sergey_Brin" title="Sergey Brin">
  Sergey Brin
 </a>
</li>
<li>
 <a href="/wiki/John_Doerr" title="John Doerr">
  John Doerr
 </a>
</li>
<li>
 <a href="/wiki/John_L._Hennessy" title="John L. Hennessy">
  John L. Hennessy
 </a>
</li>
<li>
 <a href="/wiki/Ray_Kurzweil" title="Ray Kurzweil">
  Raymond Kurzweil
 </a>
</li>
<li>
 <a href="/wiki/Ann_Mather" title="Ann Mather">
  Ann Mather
 </a>
</li>
<li>
 <a href="/wiki/Paul_Otellini" title="Paul Otellini">
  Paul Otellini
 </a>
</li>
<li>
 <a href="/wiki/Ram_Shriram" title="Ram Shriram">
  Ram Shriram
 </a>
</li>
<li>
 <a href="/wiki/Shirley_M._Tilghman" title="Shirley M. Tilghman">
  Shirley M. Tilghman
 </a>
</li>
<li>
 <a href="/wiki/Matt_Cutts" title="Matt Cutts">
  Matt Cutts
 </a>
</li>
<li>
 <a href="/wiki/Al_Gore" title="Al Gore">
  Al Gore
 </a>
</li>
<li>
 <a href="/wiki/Rajen_Sheth" title="Rajen Sheth">
  Rajen Sheth
 </a>
</li>
<li>
 <a href="/wiki/Vint_Cerf" title="Vint Cerf">
  Vint Cerf
 </a>
</li>
<li>
 <a href="/wiki/Alan_Mulally" title="Alan Mulally">
  Alan Mulally
 </a>
</li>
<li>
 <a href="/wiki/Plan_9_from_Bell_Labs" title="Plan 9 from Bell Labs">
  Plan 9 from Bell Labs
 </a>
</li>
<li>
 <a href="/wiki/Inferno_(operating_system)" title="Inferno (operating system)">
  Inferno
 </a>
</li>
<li>
 <a href="/wiki/Newsqueak" title="Newsqueak">
  Newsqueak
 </a>
</li>
<li>
 <a href="/wiki/Limbo_(programming_language)" title="Limbo (programming language)">
  Limbo
 </a>
</li>
<li>
 <strong class="selflink">
  Go
 </strong>
</li>
<li>
 <a href="/wiki/Sawzall_(programming_language)" title="Sawzall (programming language)">
  Sawzall
 </a>
</li>
<li>
 <a href="/wiki/Acme_(text_editor)" title="Acme (text editor)">
  acme
 </a>
</li>
<li>
 <a href="/wiki/Blit_(computer_terminal)" title="Blit (computer terminal)">
  Blit
 </a>
</li>
<li>
 <a href="/wiki/Sam_(text_editor)" title="Sam (text editor)">
  sam
 </a>
</li>
<li>
 <a href="/wiki/Rio_(windowing_system)" title="Rio (windowing system)">
  rio
 </a>
</li>
<li>
 <a href="/wiki/8%C2%BD_(Plan_9)" title="8½ (Plan 9)">
  8½
 </a>
</li>
<li>
 <i>
  <a href="/wiki/The_Practice_of_Programming" title="The Practice of Programming">
   The Practice of Programming
  </a>
 </i>
</li>
<li>
 <i>
  <a href="/wiki/The_Unix_Programming_Environment" title="The Unix Programming Environment">
   The Unix Programming Environment
  </a>
 </i>
</li>
<li>
 <a href="/wiki/Ren%C3%A9e_French" title="Renée French">
  Renée French
 </a>
</li>
<li>
 <a href="/wiki/Mark_V_Shaney" title="Mark V Shaney">
  Mark V Shaney
 </a>
</li>
<li>
 <a href="/wiki/UTF-8" title="UTF-8">
  UTF-8
 </a>
</li>
<li>
 <a href="/wiki/Unix" title="Unix">
  Unix
 </a>
</li>
<li>
 <a href="/wiki/Plan_9_from_Bell_Labs" title="Plan 9 from Bell Labs">
  Plan 9 from Bell Labs
 </a>
</li>
<li>
 <a href="/wiki/B_(programming_language)" title="B (programming language)">
  B
 </a>
</li>
<li>
 <a href="/wiki/Bon_(programming_language)" title="Bon (programming language)">
  Bon
 </a>
</li>
<li>
 <strong class="selflink">
  Go
 </strong>
</li>
<li>
 <a href="/wiki/Belle_(chess_machine)" title="Belle (chess machine)">
  Belle
 </a>
</li>
<li>
 <a href="/wiki/Ed_(text_editor)" title="Ed (text editor)">
  ed
 </a>
</li>
<li>
 <a href="/wiki/Sam_(text_editor)" title="Sam (text editor)">
  sam
 </a>
</li>
<li>
 <i>
  <a href="/wiki/Space_Travel_(video_game)" title="Space Travel (video game)">
   Space Travel
  </a>
 </i>
</li>
<li>
 <a href="/wiki/UTF-8" title="UTF-8">
  UTF-8
 </a>
</li>
