[
 {
  "class": "tocnumber",
  "tag": "span",
  "text": "1"
 },
 {
  "class": "tocnumber",
  "tag": "span",
  "text": "2.1"
 },
 {
  "class": "tocnumber",
  "tag": "span",
  "text": "2.4.1"
 },
 {
  "class": "tocnumber",
  "tag": "span",
  "text": "5.1"
 }
]
