<a rel="nofollow" class="external text" href="https://www.youtube.com/watch?v=7VcArS4Wpqk">
 video
</a>
<a href="#">
</a>
<a href="#">
</a>
